// Jest Snapshot v1, https://goo.gl/fbAQLP

exports[`<Home /> renders correctly 1`] = `
<div
  className="MuiPaper-root MuiPaper-elevation1 makeStyles-div-2 MuiPaper-rounded"
/>
`;
