// Jest Snapshot v1, https://goo.gl/fbAQLP

exports[`CouponCard Component 1`] = `
<div
  className="MuiPaper-root MuiPaper-elevation1 MuiCard-root makeStyles-card-1 MuiPaper-rounded"
>
  <button
    className="MuiButtonBase-root MuiCardActionArea-root"
    disabled={false}
    onBlur={[Function]}
    onClick={[Function]}
    onDragLeave={[Function]}
    onFocus={[Function]}
    onKeyDown={[Function]}
    onKeyUp={[Function]}
    onMouseDown={[Function]}
    onMouseLeave={[Function]}
    onMouseUp={[Function]}
    onTouchEnd={[Function]}
    onTouchMove={[Function]}
    onTouchStart={[Function]}
    tabIndex={0}
    type="button"
  >
    <div
      className="MuiCardMedia-root makeStyles-media-2"
      style={
        Object {
          "backgroundImage": "url(\\"image\\")",
        }
      }
    />
    <div
      className="MuiCardContent-root"
    >
      <h6
        className="MuiTypography-root makeStyles-description-3 MuiTypography-h6 MuiTypography-gutterBottom"
      >
        <span>
          name
        </span>
      </h6>
      <p
        className="MuiTypography-root makeStyles-description-3 MuiTypography-body2 MuiTypography-colorTextSecondary"
      >
        desc
      </p>
    </div>
    <span
      className="MuiCardActionArea-focusHighlight"
    />
  </button>
</div>
`;
