// Jest Snapshot v1, https://goo.gl/fbAQLP

exports[`categoryView Component 1`] = `null`;
