// Jest Snapshot v1, https://goo.gl/fbAQLP

exports[`AppPopUp Component 1`] = `<div />`;
