// Jest Snapshot v1, https://goo.gl/fbAQLP

exports[`CategoryList Component 1`] = `
<div
  className="MuiPaper-root MuiPaper-elevation1 makeStyles-categoryPanel-2 MuiPaper-rounded"
>
  <div
    className="MuiGrid-root MuiGrid-container MuiGrid-spacing-xs-6 MuiGrid-align-items-xs-flex-end MuiGrid-align-content-xs-flex-end MuiGrid-justify-xs-center"
  >
    <div
      className="MuiGrid-root MuiGrid-item"
    >
      <p
        className="MuiTypography-root makeStyles-bold-3 MuiTypography-body1"
      >
        Categories:
      </p>
    </div>
  </div>
</div>
`;
